  Determining projects to restore...
  All projects are up-to-date for restore.
d:\MPR\Dev REV\OneVision\CleanArchitechtureTemplateSolution\src\Presentation\CleanArchitecture.WebUI\Components\Pages\Users\Users.razor(50,168): error CS0117: 'Variant' does not contain a definition for 'Flat' [d:\MPR\Dev REV\OneVision\CleanArchitechtureTemplateSolution\src\Presentation\CleanArchitecture.WebUI\CleanArchitecture.WebUI.csproj]
d:\MPR\Dev REV\OneVision\CleanArchitechtureTemplateSolution\src\Presentation\CleanArchitecture.WebUI\Components\Pages\Users\Users.razor(52,68): error CS0117: 'Icons.Material.Rounded' does not contain a definition for 'PersonBasic' [d:\MPR\Dev REV\OneVision\CleanArchitechtureTemplateSolution\src\Presentation\CleanArchitecture.WebUI\CleanArchitecture.WebUI.csproj]
d:\MPR\Dev REV\OneVision\CleanArchitechtureTemplateSolution\src\Presentation\CleanArchitecture.WebUI\obj\Debug\net10.0\Microsoft.CodeAnalysis.Razor.Compiler\Microsoft.NET.Sdk.Razor.SourceGenerators.RazorSourceGenerator\Components_Pages_Users_Users_razor.g.cs(739,36): error CS1662: Cannot convert lambda expression to intended delegate type because some of the return types in the block are not implicitly convertible to the delegate return type [d:\MPR\Dev REV\OneVision\CleanArchitechtureTemplateSolution\src\Presentation\CleanArchitecture.WebUI\CleanArchitecture.WebUI.csproj]
d:\MPR\Dev REV\OneVision\CleanArchitechtureTemplateSolution\src\Presentation\CleanArchitecture.WebUI\Components\Pages\Products\Products.razor(259,14): warning CS8602: Dereference of a possibly null reference. [d:\MPR\Dev REV\OneVision\CleanArchitechtureTemplateSolution\src\Presentation\CleanArchitecture.WebUI\CleanArchitecture.WebUI.csproj]
d:\MPR\Dev REV\OneVision\CleanArchitechtureTemplateSolution\src\Presentation\CleanArchitecture.WebUI\Components\Pages\Products\Products.razor(273,14): warning CS8602: Dereference of a possibly null reference. [d:\MPR\Dev REV\OneVision\CleanArchitechtureTemplateSolution\src\Presentation\CleanArchitecture.WebUI\CleanArchitecture.WebUI.csproj]
d:\MPR\Dev REV\OneVision\CleanArchitechtureTemplateSolution\src\Presentation\CleanArchitecture.WebUI\Components\Pages\Products\EditProductDialog.razor(45,18): warning CS0649: Field 'EditProductDialog._isValid' is never assigned to, and will always have its default value false [d:\MPR\Dev REV\OneVision\CleanArchitechtureTemplateSolution\src\Presentation\CleanArchitecture.WebUI\CleanArchitecture.WebUI.csproj]
d:\MPR\Dev REV\OneVision\CleanArchitechtureTemplateSolution\src\Presentation\CleanArchitecture.WebUI\Components\Pages\Products\ProductDetailDialog.razor(1,1): warning MUD0001: Illegal Parameter 'DisableSidePadding' on 'MudDialog' using 'V7IgnoreCase' source location '(117,12)-(117,76)' (https://mudblazor.com/features/analyzers) [d:\MPR\Dev REV\OneVision\CleanArchitechtureTemplateSolution\src\Presentation\CleanArchitecture.WebUI\CleanArchitecture.WebUI.csproj]
d:\MPR\Dev REV\OneVision\CleanArchitechtureTemplateSolution\src\Presentation\CleanArchitecture.WebUI\Components\Pages\Products\Products.razor(1,1): warning MUD0002: Illegal Attribute 'AlignItems' on 'MudGrid' using pattern 'LowerCase' source location '(215,20)-(215,91)' (https://mudblazor.com/features/analyzers) [d:\MPR\Dev REV\OneVision\CleanArchitechtureTemplateSolution\src\Presentation\CleanArchitecture.WebUI\CleanArchitecture.WebUI.csproj]
d:\MPR\Dev REV\OneVision\CleanArchitechtureTemplateSolution\src\Presentation\CleanArchitecture.WebUI\Components\Pages\Products\Products.razor(1,1): warning MUD0002: Illegal Attribute 'AlignItems' on 'MudGrid' using pattern 'LowerCase' source location '(435,28)-(435,99)' (https://mudblazor.com/features/analyzers) [d:\MPR\Dev REV\OneVision\CleanArchitechtureTemplateSolution\src\Presentation\CleanArchitecture.WebUI\CleanArchitecture.WebUI.csproj]

Build FAILED.

d:\MPR\Dev REV\OneVision\CleanArchitechtureTemplateSolution\src\Presentation\CleanArchitecture.WebUI\Components\Pages\Products\Products.razor(259,14): warning CS8602: Dereference of a possibly null reference. [d:\MPR\Dev REV\OneVision\CleanArchitechtureTemplateSolution\src\Presentation\CleanArchitecture.WebUI\CleanArchitecture.WebUI.csproj]
d:\MPR\Dev REV\OneVision\CleanArchitechtureTemplateSolution\src\Presentation\CleanArchitecture.WebUI\Components\Pages\Products\Products.razor(273,14): warning CS8602: Dereference of a possibly null reference. [d:\MPR\Dev REV\OneVision\CleanArchitechtureTemplateSolution\src\Presentation\CleanArchitecture.WebUI\CleanArchitecture.WebUI.csproj]
d:\MPR\Dev REV\OneVision\CleanArchitechtureTemplateSolution\src\Presentation\CleanArchitecture.WebUI\Components\Pages\Products\EditProductDialog.razor(45,18): warning CS0649: Field 'EditProductDialog._isValid' is never assigned to, and will always have its default value false [d:\MPR\Dev REV\OneVision\CleanArchitechtureTemplateSolution\src\Presentation\CleanArchitecture.WebUI\CleanArchitecture.WebUI.csproj]
d:\MPR\Dev REV\OneVision\CleanArchitechtureTemplateSolution\src\Presentation\CleanArchitecture.WebUI\Components\Pages\Products\ProductDetailDialog.razor(1,1): warning MUD0001: Illegal Parameter 'DisableSidePadding' on 'MudDialog' using 'V7IgnoreCase' source location '(117,12)-(117,76)' (https://mudblazor.com/features/analyzers) [d:\MPR\Dev REV\OneVision\CleanArchitechtureTemplateSolution\src\Presentation\CleanArchitecture.WebUI\CleanArchitecture.WebUI.csproj]
d:\MPR\Dev REV\OneVision\CleanArchitechtureTemplateSolution\src\Presentation\CleanArchitecture.WebUI\Components\Pages\Products\Products.razor(1,1): warning MUD0002: Illegal Attribute 'AlignItems' on 'MudGrid' using pattern 'LowerCase' source location '(215,20)-(215,91)' (https://mudblazor.com/features/analyzers) [d:\MPR\Dev REV\OneVision\CleanArchitechtureTemplateSolution\src\Presentation\CleanArchitecture.WebUI\CleanArchitecture.WebUI.csproj]
d:\MPR\Dev REV\OneVision\CleanArchitechtureTemplateSolution\src\Presentation\CleanArchitecture.WebUI\Components\Pages\Products\Products.razor(1,1): warning MUD0002: Illegal Attribute 'AlignItems' on 'MudGrid' using pattern 'LowerCase' source location '(435,28)-(435,99)' (https://mudblazor.com/features/analyzers) [d:\MPR\Dev REV\OneVision\CleanArchitechtureTemplateSolution\src\Presentation\CleanArchitecture.WebUI\CleanArchitecture.WebUI.csproj]
d:\MPR\Dev REV\OneVision\CleanArchitechtureTemplateSolution\src\Presentation\CleanArchitecture.WebUI\Components\Pages\Users\Users.razor(50,168): error CS0117: 'Variant' does not contain a definition for 'Flat' [d:\MPR\Dev REV\OneVision\CleanArchitechtureTemplateSolution\src\Presentation\CleanArchitecture.WebUI\CleanArchitecture.WebUI.csproj]
d:\MPR\Dev REV\OneVision\CleanArchitechtureTemplateSolution\src\Presentation\CleanArchitecture.WebUI\Components\Pages\Users\Users.razor(52,68): error CS0117: 'Icons.Material.Rounded' does not contain a definition for 'PersonBasic' [d:\MPR\Dev REV\OneVision\CleanArchitechtureTemplateSolution\src\Presentation\CleanArchitecture.WebUI\CleanArchitecture.WebUI.csproj]
d:\MPR\Dev REV\OneVision\CleanArchitechtureTemplateSolution\src\Presentation\CleanArchitecture.WebUI\obj\Debug\net10.0\Microsoft.CodeAnalysis.Razor.Compiler\Microsoft.NET.Sdk.Razor.SourceGenerators.RazorSourceGenerator\Components_Pages_Users_Users_razor.g.cs(739,36): error CS1662: Cannot convert lambda expression to intended delegate type because some of the return types in the block are not implicitly convertible to the delegate return type [d:\MPR\Dev REV\OneVision\CleanArchitechtureTemplateSolution\src\Presentation\CleanArchitecture.WebUI\CleanArchitecture.WebUI.csproj]
    6 Warning(s)
    3 Error(s)

Time Elapsed 00:00:02.36
